error: loop with trailing `continue`
  --> $DIR/redundant_continue.rs:14:9
   |
LL |         continue
   |         ^^^^^^^^
   |
   = note: `-D clippy::redundant-continue` implied by `-D warnings`
   = help: consider removing

error: loop with trailing `continue`
  --> $DIR/redundant_continue.rs:22:9
   |
LL |         continue
   |         ^^^^^^^^
   |
   = help: consider removing

error: aborting due to 2 previous errors

